preamble 1205 chars | body 756467 chars in 207 units | bibliography 8628 chars
math snippets: 8516 | refs: 2760 | units with no math: 0
[1/207] unit 0 FAILED: too many values to unpack (expected 2)
[2/207] unit 1 FAILED: too many values to unpack (expected 2)
[3/207] unit 2 FAILED: too many values to unpack (expected 2)
[4/207] unit 3 FAILED: too many values to unpack (expected 2)
[5/207] unit 6 FAILED: too many values to unpack (expected 2)
[6/207] unit 5 FAILED: too many values to unpack (expected 2)
[7/207] unit 4 FAILED: too many values to unpack (expected 2)
[8/207] unit 7 FAILED: too many values to unpack (expected 2)
[9/207] unit 8 FAILED: too many values to unpack (expected 2)
[10/207] unit 12 FAILED: too many values to unpack (expected 2)
[11/207] unit 9 FAILED: too many values to unpack (expected 2)
[12/207] unit 10 FAILED: too many values to unpack (expected 2)
[13/207] unit 16 FAILED: too many values to unpack (expected 2)
[14/207] unit 15 FAILED: too many values to unpack (expected 2)
[15/207] unit 13 FAILED: too many values to unpack (expected 2)
[16/207] unit 18 FAILED: too many values to unpack (expected 2)
[17/207] unit 14 FAILED: too many values to unpack (expected 2)
[18/207] unit 20 FAILED: too many values to unpack (expected 2)
[19/207] unit 19 FAILED: too many values to unpack (expected 2)
[20/207] unit 22 FAILED: too many values to unpack (expected 2)
[21/207] unit 17 FAILED: too many values to unpack (expected 2)
[22/207] unit 24 FAILED: too many values to unpack (expected 2)
[23/207] unit 21 FAILED: too many values to unpack (expected 2)
[24/207] unit 26 FAILED: too many values to unpack (expected 2)
[25/207] unit 25 FAILED: too many values to unpack (expected 2)
[26/207] unit 28 FAILED: too many values to unpack (expected 2)
[27/207] unit 27 FAILED: too many values to unpack (expected 2)
[28/207] unit 29 FAILED: too many values to unpack (expected 2)
[29/207] unit 30 FAILED: too many values to unpack (expected 2)
[30/207] unit 32 FAILED: too many values to unpack (expected 2)
[31/207] unit 31 FAILED: too many values to unpack (expected 2)
[32/207] unit 33 FAILED: too many values to unpack (expected 2)
[33/207] unit 37 FAILED: too many values to unpack (expected 2)
[34/207] unit 36 FAILED: too many values to unpack (expected 2)
[35/207] unit 34 FAILED: too many values to unpack (expected 2)
[36/207] unit 38 FAILED: too many values to unpack (expected 2)
[37/207] unit 35 FAILED: too many values to unpack (expected 2)
[38/207] unit 39 FAILED: too many values to unpack (expected 2)
[39/207] unit 42 FAILED: too many values to unpack (expected 2)
[40/207] unit 44 FAILED: too many values to unpack (expected 2)
[41/207] unit 40 FAILED: too many values to unpack (expected 2)
[42/207] unit 45 FAILED: too many values to unpack (expected 2)
[43/207] unit 43 FAILED: too many values to unpack (expected 2)
[44/207] unit 46 FAILED: too many values to unpack (expected 2)
[45/207] unit 47 FAILED: too many values to unpack (expected 2)
[46/207] unit 50 FAILED: too many values to unpack (expected 2)
[47/207] unit 51 FAILED: too many values to unpack (expected 2)
[48/207] unit 49 FAILED: too many values to unpack (expected 2)
[49/207] unit 52 FAILED: too many values to unpack (expected 2)
[50/207] unit 54 FAILED: too many values to unpack (expected 2)
[51/207] unit 55 FAILED: too many values to unpack (expected 2)
[52/207] unit 48 FAILED: too many values to unpack (expected 2)
[53/207] unit 57 FAILED: too many values to unpack (expected 2)
[54/207] unit 56 FAILED: too many values to unpack (expected 2)
[55/207] unit 58 FAILED: too many values to unpack (expected 2)
[56/207] unit 59 FAILED: too many values to unpack (expected 2)
[57/207] unit 62 FAILED: too many values to unpack (expected 2)
[58/207] unit 60 FAILED: too many values to unpack (expected 2)
[59/207] unit 61 FAILED: too many values to unpack (expected 2)
[60/207] unit 63 FAILED: too many values to unpack (expected 2)
[61/207] unit 65 FAILED: too many values to unpack (expected 2)
[62/207] unit 66 FAILED: too many values to unpack (expected 2)
[63/207] unit 67 FAILED: too many values to unpack (expected 2)
[64/207] unit 68 FAILED: too many values to unpack (expected 2)
[65/207] unit 69 FAILED: too many values to unpack (expected 2)
[66/207] unit 72 FAILED: too many values to unpack (expected 2)
[67/207] unit 70 FAILED: too many values to unpack (expected 2)
[68/207] unit 71 FAILED: too many values to unpack (expected 2)
[69/207] unit 74 FAILED: too many values to unpack (expected 2)
[70/207] unit 75 FAILED: too many values to unpack (expected 2)
[71/207] unit 76 FAILED: too many values to unpack (expected 2)
[72/207] unit 73 FAILED: too many values to unpack (expected 2)
[73/207] unit 79 FAILED: too many values to unpack (expected 2)
[74/207] unit 80 FAILED: too many values to unpack (expected 2)
[75/207] unit 77 FAILED: too many values to unpack (expected 2)
[76/207] unit 81 FAILED: too many values to unpack (expected 2)
[77/207] unit 78 FAILED: too many values to unpack (expected 2)
[78/207] unit 83 FAILED: too many values to unpack (expected 2)
[79/207] unit 82 FAILED: too many values to unpack (expected 2)
[80/207] unit 84 FAILED: too many values to unpack (expected 2)
[81/207] unit 85 FAILED: too many values to unpack (expected 2)
[82/207] unit 86 FAILED: too many values to unpack (expected 2)
[83/207] unit 88 FAILED: too many values to unpack (expected 2)
[84/207] unit 89 FAILED: too many values to unpack (expected 2)
[85/207] unit 87 FAILED: too many values to unpack (expected 2)
[86/207] unit 90 FAILED: too many values to unpack (expected 2)
[87/207] unit 93 FAILED: too many values to unpack (expected 2)
[88/207] unit 91 FAILED: too many values to unpack (expected 2)
[89/207] unit 94 FAILED: too many values to unpack (expected 2)
[90/207] unit 92 FAILED: too many values to unpack (expected 2)
[91/207] unit 95 FAILED: too many values to unpack (expected 2)
[92/207] unit 96 FAILED: too many values to unpack (expected 2)
[93/207] unit 99 FAILED: too many values to unpack (expected 2)
[94/207] unit 98 FAILED: too many values to unpack (expected 2)
[95/207] unit 97 FAILED: too many values to unpack (expected 2)
[96/207] unit 100 FAILED: too many values to unpack (expected 2)
[97/207] unit 101 FAILED: too many values to unpack (expected 2)
[98/207] unit 102 FAILED: too many values to unpack (expected 2)
[99/207] unit 104 FAILED: too many values to unpack (expected 2)
[100/207] unit 106 FAILED: too many values to unpack (expected 2)
[101/207] unit 103 FAILED: too many values to unpack (expected 2)
[102/207] unit 105 FAILED: too many values to unpack (expected 2)
[103/207] unit 107 FAILED: too many values to unpack (expected 2)
[104/207] unit 108 FAILED: too many values to unpack (expected 2)
[105/207] unit 109 FAILED: too many values to unpack (expected 2)
[106/207] unit 110 FAILED: too many values to unpack (expected 2)
[107/207] unit 111 FAILED: too many values to unpack (expected 2)
[108/207] unit 112 FAILED: too many values to unpack (expected 2)
[109/207] unit 113 FAILED: too many values to unpack (expected 2)
[110/207] unit 114 FAILED: too many values to unpack (expected 2)
[111/207] unit 115 FAILED: too many values to unpack (expected 2)
[112/207] unit 117 FAILED: too many values to unpack (expected 2)
[113/207] unit 116 FAILED: too many values to unpack (expected 2)
[114/207] unit 119 FAILED: too many values to unpack (expected 2)
[115/207] unit 120 FAILED: too many values to unpack (expected 2)
[116/207] unit 118 FAILED: too many values to unpack (expected 2)
[117/207] unit 121 FAILED: too many values to unpack (expected 2)
[118/207] unit 123 FAILED: too many values to unpack (expected 2)
[119/207] unit 122 FAILED: too many values to unpack (expected 2)
[120/207] unit 125 FAILED: too many values to unpack (expected 2)
[121/207] unit 124 FAILED: too many values to unpack (expected 2)
[122/207] unit 126 FAILED: too many values to unpack (expected 2)
[123/207] unit 127 FAILED: too many values to unpack (expected 2)
[124/207] unit 128 FAILED: too many values to unpack (expected 2)
[125/207] unit 129 FAILED: too many values to unpack (expected 2)
[126/207] unit 131 FAILED: too many values to unpack (expected 2)
[127/207] unit 130 FAILED: too many values to unpack (expected 2)
[128/207] unit 132 FAILED: too many values to unpack (expected 2)
[129/207] unit 133 FAILED: too many values to unpack (expected 2)
[130/207] unit 134 FAILED: too many values to unpack (expected 2)
[131/207] unit 135 FAILED: too many values to unpack (expected 2)
[132/207] unit 137 FAILED: too many values to unpack (expected 2)
[133/207] unit 136 FAILED: too many values to unpack (expected 2)
[134/207] unit 138 FAILED: too many values to unpack (expected 2)
[135/207] unit 139 FAILED: too many values to unpack (expected 2)
[136/207] unit 140 FAILED: too many values to unpack (expected 2)
[137/207] unit 142 FAILED: too many values to unpack (expected 2)
[138/207] unit 141 FAILED: too many values to unpack (expected 2)
[139/207] unit 143 FAILED: too many values to unpack (expected 2)
[140/207] unit 144 FAILED: too many values to unpack (expected 2)
[141/207] unit 145 FAILED: too many values to unpack (expected 2)
[142/207] unit 146 FAILED: too many values to unpack (expected 2)
[143/207] unit 148 FAILED: too many values to unpack (expected 2)
[144/207] unit 149 FAILED: too many values to unpack (expected 2)
[145/207] unit 147 FAILED: too many values to unpack (expected 2)
[146/207] unit 151 FAILED: too many values to unpack (expected 2)
[147/207] unit 150 FAILED: too many values to unpack (expected 2)
[148/207] unit 152 FAILED: too many values to unpack (expected 2)
[149/207] unit 154 FAILED: too many values to unpack (expected 2)
[150/207] unit 153 FAILED: too many values to unpack (expected 2)
[151/207] unit 156 FAILED: too many values to unpack (expected 2)
[152/207] unit 155 FAILED: too many values to unpack (expected 2)
[153/207] unit 157 FAILED: too many values to unpack (expected 2)
[154/207] unit 160 FAILED: too many values to unpack (expected 2)
[155/207] unit 159 FAILED: too many values to unpack (expected 2)
[156/207] unit 158 FAILED: too many values to unpack (expected 2)
[157/207] unit 161 FAILED: too many values to unpack (expected 2)
[158/207] unit 164 FAILED: too many values to unpack (expected 2)
[159/207] unit 162 FAILED: too many values to unpack (expected 2)
[160/207] unit 163 FAILED: too many values to unpack (expected 2)
[161/207] unit 165 FAILED: too many values to unpack (expected 2)
[162/207] unit 166 FAILED: too many values to unpack (expected 2)
[163/207] unit 167 FAILED: too many values to unpack (expected 2)
[164/207] unit 168 FAILED: too many values to unpack (expected 2)
[165/207] unit 169 FAILED: too many values to unpack (expected 2)
[166/207] unit 171 FAILED: too many values to unpack (expected 2)
[167/207] unit 170 FAILED: too many values to unpack (expected 2)
[168/207] unit 172 FAILED: too many values to unpack (expected 2)
[169/207] unit 173 FAILED: too many values to unpack (expected 2)
[170/207] unit 176 FAILED: too many values to unpack (expected 2)
[171/207] unit 175 FAILED: too many values to unpack (expected 2)
[172/207] unit 174 FAILED: too many values to unpack (expected 2)
[173/207] unit 177 FAILED: too many values to unpack (expected 2)
[174/207] unit 178 FAILED: too many values to unpack (expected 2)
[175/207] unit 179 FAILED: too many values to unpack (expected 2)
[176/207] unit 180 FAILED: too many values to unpack (expected 2)
[177/207] unit 182 FAILED: too many values to unpack (expected 2)
[178/207] unit 183 FAILED: too many values to unpack (expected 2)
[179/207] unit 181 FAILED: too many values to unpack (expected 2)
[180/207] unit 184 FAILED: too many values to unpack (expected 2)
[181/207] unit 186 FAILED: too many values to unpack (expected 2)
[182/207] unit 185 FAILED: too many values to unpack (expected 2)
[183/207] unit 187 FAILED: too many values to unpack (expected 2)
[184/207] unit 189 FAILED: too many values to unpack (expected 2)
[185/207] unit 190 FAILED: too many values to unpack (expected 2)
[186/207] unit 191 FAILED: too many values to unpack (expected 2)
[187/207] unit 188 FAILED: too many values to unpack (expected 2)
[188/207] unit 192 FAILED: too many values to unpack (expected 2)
[189/207] unit 194 FAILED: too many values to unpack (expected 2)
[190/207] unit 193 FAILED: too many values to unpack (expected 2)
[191/207] unit 195 FAILED: too many values to unpack (expected 2)
[192/207] unit 196 FAILED: too many values to unpack (expected 2)
[193/207] unit 197 FAILED: too many values to unpack (expected 2)
[194/207] unit 198 FAILED: too many values to unpack (expected 2)
[195/207] unit 199 FAILED: too many values to unpack (expected 2)
[196/207] unit 200 FAILED: too many values to unpack (expected 2)
[197/207] unit 202 FAILED: too many values to unpack (expected 2)
[198/207] unit 201 FAILED: too many values to unpack (expected 2)
[199/207] unit 205 FAILED: too many values to unpack (expected 2)
[200/207] unit 204 FAILED: too many values to unpack (expected 2)
[201/207] unit 206 FAILED: too many values to unpack (expected 2)
[202/207] unit 203 FAILED: too many values to unpack (expected 2)
[203/207] unit 53 FAILED: too many values to unpack (expected 2)
   unit 64: splitting into 3 parts after unit 64 failed verification: ["多写 1 次：'A'"]
   unit 23: splitting into 3 parts after unit 23 failed verification: ["多写 1 次：'\\\\zeta'"]
   unit 41: splitting into 4 parts after unit 41 failed verification: ["多写 1 次：'T'"]
   unit 11: splitting into 2 parts after unit 11 failed verification: ["少写 1 次：'k'"]
   unit 41: splitting into 2 parts after unit 41 failed verification: ["多写 1 次：'T'"]
   unit 64: splitting into 4 parts after unit 64 failed verification: ["多写 1 次：'A'"]
[204/207] unit 23 FAILED: too many values to unpack (expected 2)
[205/207] unit 41 FAILED: unit 41 failed verification: ["多写 1 次：'T'"]
[206/207] unit 64 FAILED: unit 64 failed verification: ["多写 1 次：'A'"]
   unit 11: splitting into 7 parts after unit 11 failed verification: ["多写 1 次：'y'"]
[207/207] unit 11 FAILED: unit 11 failed verification: ["少写 1 次：'k'"]
INCOMPLETE: 0/207 units translated
