preamble 1205 chars | body 756467 chars in 207 units | bibliography 8628 chars
math snippets: 8516 | refs: 2760 | units with no math: 0
[1/207] unit 0 cached
[2/207] unit 1 cached
[3/207] unit 2 cached
[4/207] unit 7 cached
[5/207] unit 3 cached
[6/207] unit 5 cached
[7/207] unit 6 cached
[8/207] unit 4 cached
[9/207] unit 8 cached
[10/207] unit 10 cached
[11/207] unit 9 cached
[12/207] unit 14 cached
[13/207] unit 19 cached
[14/207] unit 17 ok
[15/207] unit 21 cached
[16/207] unit 11 ok
[17/207] unit 18 ok
[18/207] unit 16 ok
[19/207] unit 12 ok
[20/207] unit 15 ok
[21/207] unit 13 ok
[22/207] unit 28 ok
[23/207] unit 27 ok
[24/207] unit 22 ok
[25/207] unit 31 cached
[26/207] unit 32 cached
[27/207] unit 26 ok
[28/207] unit 25 ok
[29/207] unit 20 FAILED: unit 20 failed verification: ['inline math changed/lost: missing [] extra []']
[30/207] unit 30 ok
[31/207] unit 23 FAILED: unit 23 failed verification: ['inline math changed/lost: missing [] extra []']
[32/207] unit 29 ok
[33/207] unit 34 ok
[34/207] unit 35 ok
[35/207] unit 37 ok
[36/207] unit 42 cached
[37/207] unit 43 cached
[38/207] unit 44 cached
[39/207] unit 40 ok
[40/207] unit 33 ok
[41/207] unit 24 ok
[42/207] unit 48 cached
[43/207] unit 49 cached
[44/207] unit 50 cached
[45/207] unit 36 ok
[46/207] unit 38 ok
[47/207] unit 52 ok
[48/207] unit 47 ok
[49/207] unit 46 ok
[50/207] unit 45 ok
[51/207] unit 39 ok
[52/207] unit 57 ok
[53/207] unit 51 ok
[54/207] unit 54 ok
[55/207] unit 41 FAILED: unit 41 failed verification: ['inline math changed/lost: missing [] extra []']
[56/207] unit 56 ok
[57/207] unit 55 ok
[58/207] unit 58 ok
[59/207] unit 53 FAILED: unit 53 failed verification: ["inline math changed/lost: missing ['Z', 'S', '\\\\chi_n(u)^{-1}'] extra ['chi_n(u)^{-1']"]
[60/207] unit 59 ok
[61/207] unit 60 ok
[62/207] unit 65 ok
[63/207] unit 69 cached
[64/207] unit 62 ok
[65/207] unit 63 ok
[66/207] unit 61 ok
[67/207] unit 68 ok
[68/207] unit 74 cached
[69/207] unit 66 ok
[70/207] unit 67 ok
[71/207] unit 77 cached
[72/207] unit 78 cached
[73/207] unit 79 cached
[74/207] unit 70 ok
[75/207] unit 71 ok
[76/207] unit 82 cached
[77/207] unit 83 cached
[78/207] unit 84 cached
[79/207] unit 85 cached
[80/207] unit 72 ok
[81/207] unit 64 FAILED: unit 64 failed verification: ['inline math changed/lost: missing [] extra []']
[82/207] unit 76 ok
[83/207] unit 80 ok
[84/207] unit 75 ok
[85/207] unit 81 ok
[86/207] unit 87 ok
[87/207] unit 88 ok
[88/207] unit 86 ok
[89/207] unit 89 ok
[90/207] unit 96 cached
[91/207] unit 94 ok
[92/207] unit 92 ok
[93/207] unit 90 ok
[94/207] unit 91 ok
[95/207] unit 95 ok
[96/207] unit 102 cached
[97/207] unit 93 ok
[98/207] unit 98 ok
[99/207] unit 97 ok
[100/207] unit 73 FAILED: unit 73 failed verification: ['inline math changed/lost: missing [] extra []']
[101/207] unit 100 ok
[102/207] unit 101 ok
[103/207] unit 109 cached
[104/207] unit 99 ok
[105/207] unit 107 ok
[106/207] unit 105 ok
[107/207] unit 108 ok
[108/207] unit 106 ok
[109/207] unit 104 ok
[110/207] unit 110 ok
[111/207] unit 111 ok
[112/207] unit 113 ok
[113/207] unit 112 ok
[114/207] unit 116 ok
[115/207] unit 118 ok
[116/207] unit 119 ok
[117/207] unit 117 ok
[118/207] unit 120 ok
[119/207] unit 121 ok
[120/207] unit 114 FAILED: unit 114 failed verification: ["inline math changed/lost: missing ['S', 'I', 'S', 'u'] extra []"]
[121/207] unit 115 FAILED: unit 115 failed verification: ['refs changed/lost: missing [] extra []']
[122/207] unit 123 ok
[123/207] unit 103 FAILED: unit 103 failed verification: ["refs changed/lost: missing [] extra ['\\\\end{proof}']"]
[124/207] unit 124 ok
[125/207] unit 125 ok
[126/207] unit 126 ok
[127/207] unit 127 ok
[128/207] unit 128 ok
[129/207] unit 122 ok
[130/207] unit 130 ok
[131/207] unit 131 ok
[132/207] unit 132 ok
[133/207] unit 133 ok
[134/207] unit 134 ok
[135/207] unit 136 ok
[136/207] unit 135 ok
[137/207] unit 129 ok
[138/207] unit 137 ok
[139/207] unit 139 ok
[140/207] unit 141 ok
[141/207] unit 138 ok
[142/207] unit 140 ok
[143/207] unit 146 ok
[144/207] unit 143 ok
[145/207] unit 148 ok
[146/207] unit 145 ok
[147/207] unit 149 ok
[148/207] unit 150 ok
[149/207] unit 155 cached
[150/207] unit 156 cached
[151/207] unit 157 cached
[152/207] unit 158 cached
[153/207] unit 159 cached
[154/207] unit 160 cached
[155/207] unit 161 cached
[156/207] unit 162 cached
[157/207] unit 163 cached
[158/207] unit 164 cached
[159/207] unit 165 cached
[160/207] unit 166 cached
[161/207] unit 167 cached
[162/207] unit 168 cached
[163/207] unit 169 cached
[164/207] unit 170 cached
[165/207] unit 171 cached
[166/207] unit 172 cached
[167/207] unit 173 cached
[168/207] unit 174 cached
[169/207] unit 175 cached
[170/207] unit 176 cached
[171/207] unit 177 cached
[172/207] unit 178 cached
[173/207] unit 179 cached
[174/207] unit 180 cached
[175/207] unit 147 ok
[176/207] unit 154 ok
[177/207] unit 142 ok
[178/207] unit 184 cached
[179/207] unit 185 cached
[180/207] unit 186 cached
[181/207] unit 187 cached
[182/207] unit 188 cached
[183/207] unit 151 ok
[184/207] unit 152 ok
[185/207] unit 153 ok
[186/207] unit 183 ok
[187/207] unit 144 ok
[188/207] unit 190 ok
[189/207] unit 182 ok
[190/207] unit 191 ok
[191/207] unit 189 ok
[192/207] unit 196 ok
[193/207] unit 194 ok
[194/207] unit 195 ok
[195/207] unit 193 ok
[196/207] unit 197 ok
[197/207] unit 198 ok
[198/207] unit 181 ok
[199/207] unit 200 ok
[200/207] unit 199 ok
[201/207] unit 201 ok
[202/207] unit 206 ok
[203/207] unit 202 ok
[204/207] unit 205 ok
[205/207] unit 192 ok
[206/207] unit 204 ok
[207/207] unit 203 ok
INCOMPLETE: 198/207 units translated
