preamble 1205 chars | body 756467 chars in 258 units | bibliography 8628 chars
math snippets: 8516 | refs: 2760 | units with no math: 0
[1/258] unit 0 cached
[2/258] unit 1 cached
[3/258] unit 2 cached
[4/258] unit 3 cached
[5/258] unit 4 cached
[6/258] unit 5 cached
[7/258] unit 6 cached
[8/258] unit 7 cached
[9/258] unit 10 ok
[10/258] unit 13 ok
[11/258] unit 9 ok
[12/258] unit 15 ok
[13/258] unit 8 ok
[14/258] unit 12 ok
[15/258] unit 18 ok
[16/258] unit 20 ok
[17/258] unit 16 ok
[18/258] unit 17 ok
[19/258] unit 19 ok
[20/258] unit 21 ok
[21/258] unit 24 ok
[22/258] unit 14 FAILED: unit 14 failed verification: ["refs changed/lost: missing [] extra ['\\\\end{proof}']"]
[23/258] unit 23 ok
[24/258] unit 11 FAILED: unit 11 failed verification: ["inline math changed/lost: missing [] extra ['$y$']"]
[25/258] unit 25 ok
[26/258] unit 27 ok
[27/258] unit 29 ok
[28/258] unit 30 ok
[29/258] unit 33 ok
[30/258] unit 34 ok
[31/258] unit 28 ok
[32/258] unit 26 FAILED: unit 26 failed verification: ['inline math changed/lost: missing [] extra []']
[33/258] unit 22 FAILED: unit 22 failed verification: ["inline math changed/lost: missing [] extra ['$1$']"]
[34/258] unit 31 FAILED: unit 31 failed verification: ['inline math changed/lost: missing [] extra []']
[35/258] unit 35 ok
[36/258] unit 37 ok
[37/258] unit 40 ok
[38/258] unit 38 ok
[39/258] unit 39 ok
[40/258] unit 41 ok
[41/258] unit 36 ok
[42/258] unit 32 FAILED: unit 32 failed verification: ["inline math changed/lost: missing [] extra ['$1$']"]
[43/258] unit 42 ok
[44/258] unit 43 ok
[45/258] unit 45 ok
[46/258] unit 44 ok
[47/258] unit 47 ok
[48/258] unit 48 ok
[49/258] unit 46 ok
[50/258] unit 49 ok
[51/258] unit 51 ok
[52/258] unit 52 ok
[53/258] unit 55 ok
[54/258] unit 54 ok
[55/258] unit 56 ok
[56/258] unit 57 ok
[57/258] unit 58 ok
[58/258] unit 59 ok
[59/258] unit 53 ok
[60/258] unit 50 FAILED: unit 50 failed verification: ['inline math changed/lost: missing [] extra []']
[61/258] unit 60 ok
[62/258] unit 63 ok
[63/258] unit 61 ok
[64/258] unit 62 ok
[65/258] unit 65 ok
[66/258] unit 64 ok
[67/258] unit 66 ok
[68/258] unit 67 ok
[69/258] unit 69 ok
[70/258] unit 68 ok
[71/258] unit 71 ok
[72/258] unit 70 ok
[73/258] unit 73 ok
[74/258] unit 72 ok
[75/258] unit 75 ok
[76/258] unit 79 ok
[77/258] unit 78 ok
[78/258] unit 76 ok
[79/258] unit 77 ok
[80/258] unit 80 ok
[81/258] unit 82 ok
[82/258] unit 74 FAILED: unit 74 failed verification: ['inline math changed/lost: missing [] extra []']
[83/258] unit 86 ok
[84/258] unit 83 ok
[85/258] unit 85 ok
[86/258] unit 84 ok
[87/258] unit 87 ok
[88/258] unit 90 ok
[89/258] unit 91 ok
[90/258] unit 88 ok
[91/258] unit 92 ok
[92/258] unit 94 ok
[93/258] unit 81 FAILED: unit 81 failed verification: ['inline math changed/lost: missing [] extra []']
[94/258] unit 95 ok
[95/258] unit 96 ok
[96/258] unit 89 ok
[97/258] unit 98 ok
[98/258] unit 93 ok
[99/258] unit 100 ok
[100/258] unit 99 ok
[101/258] unit 97 ok
[102/258] unit 102 ok
[103/258] unit 103 ok
[104/258] unit 104 ok
[105/258] unit 105 ok
[106/258] unit 106 ok
[107/258] unit 107 ok
[108/258] unit 108 ok
[109/258] unit 110 ok
[110/258] unit 109 ok
[111/258] unit 111 ok
[112/258] unit 112 ok
[113/258] unit 101 ok
[114/258] unit 113 ok
[115/258] unit 115 ok
[116/258] unit 117 ok
[117/258] unit 116 ok
[118/258] unit 119 ok
[119/258] unit 118 ok
[120/258] unit 122 ok
[121/258] unit 114 ok
[122/258] unit 121 ok
[123/258] unit 123 ok
[124/258] unit 124 ok
[125/258] unit 125 ok
[126/258] unit 127 ok
[127/258] unit 126 ok
[128/258] unit 120 ok
[129/258] unit 128 ok
[130/258] unit 129 ok
[131/258] unit 131 ok
[132/258] unit 130 ok
[133/258] unit 135 ok
[134/258] unit 132 ok
[135/258] unit 133 ok
[136/258] unit 136 ok
[137/258] unit 134 ok
[138/258] unit 139 ok
[139/258] unit 138 ok
[140/258] unit 140 ok
[141/258] unit 142 ok
[142/258] unit 141 ok
[143/258] unit 143 ok
[144/258] unit 144 ok
[145/258] unit 145 ok
[146/258] unit 137 ok
[147/258] unit 147 ok
[148/258] unit 146 ok
[149/258] unit 148 ok
[150/258] unit 149 ok
[151/258] unit 151 ok
[152/258] unit 153 ok
[153/258] unit 155 ok
[154/258] unit 152 ok
[155/258] unit 154 ok
[156/258] unit 156 ok
[157/258] unit 161 ok
[158/258] unit 157 ok
[159/258] unit 158 ok
[160/258] unit 159 ok
[161/258] unit 162 ok
[162/258] unit 160 ok
[163/258] unit 166 ok
[164/258] unit 165 ok
[165/258] unit 150 FAILED: unit 150 failed verification: ['inline math changed/lost: missing [] extra []']
[166/258] unit 163 ok
[167/258] unit 164 ok
[168/258] unit 167 ok
[169/258] unit 169 ok
[170/258] unit 168 ok
[171/258] unit 170 ok
[172/258] unit 175 ok
[173/258] unit 171 ok
[174/258] unit 174 ok
[175/258] unit 172 ok
[176/258] unit 173 ok
[177/258] unit 176 ok
[178/258] unit 178 ok
[179/258] unit 177 ok
[180/258] unit 179 ok
[181/258] unit 181 ok
[182/258] unit 180 ok
[183/258] unit 182 ok
[184/258] unit 183 ok
[185/258] unit 184 ok
[186/258] unit 186 ok
[187/258] unit 188 ok
[188/258] unit 190 ok
[189/258] unit 187 ok
[190/258] unit 191 ok
[191/258] unit 185 ok
[192/258] unit 192 ok
[193/258] unit 189 ok
[194/258] unit 193 ok
[195/258] unit 196 ok
[196/258] unit 194 ok
[197/258] unit 195 ok
[198/258] unit 198 ok
[199/258] unit 197 ok
[200/258] unit 200 ok
[201/258] unit 201 ok
[202/258] unit 199 ok
[203/258] unit 202 ok
[204/258] unit 204 ok
[205/258] unit 208 ok
[206/258] unit 203 ok
[207/258] unit 207 ok
[208/258] unit 205 ok
[209/258] unit 206 ok
[210/258] unit 209 ok
[211/258] unit 210 ok
[212/258] unit 211 ok
[213/258] unit 213 ok
[214/258] unit 212 ok
[215/258] unit 214 ok
[216/258] unit 216 ok
[217/258] unit 217 ok
[218/258] unit 218 ok
[219/258] unit 222 ok
[220/258] unit 219 ok
[221/258] unit 220 ok
[222/258] unit 221 ok
[223/258] unit 215 ok
[224/258] unit 224 ok
[225/258] unit 223 ok
[226/258] unit 225 ok
[227/258] unit 229 ok
[228/258] unit 226 ok
[229/258] unit 228 ok
[230/258] unit 230 ok
[231/258] unit 231 ok
[232/258] unit 233 ok
[233/258] unit 232 ok
[234/258] unit 235 ok
[235/258] unit 237 ok
[236/258] unit 238 ok
[237/258] unit 227 ok
[238/258] unit 234 ok
[239/258] unit 236 ok
[240/258] unit 240 ok
[241/258] unit 242 ok
[242/258] unit 241 ok
[243/258] unit 243 ok
[244/258] unit 244 ok
[245/258] unit 245 ok
[246/258] unit 239 ok
[247/258] unit 246 ok
[248/258] unit 248 ok
[249/258] unit 247 ok
[250/258] unit 250 ok
[251/258] unit 249 ok
[252/258] unit 251 ok
[253/258] unit 257 ok
[254/258] unit 252 ok
[255/258] unit 254 ok
[256/258] unit 255 ok
[257/258] unit 256 ok
[258/258] unit 253 FAILED: unit 253 failed verification: ["refs changed/lost: missing [] extra ['\\\\end{proof}']"]
INCOMPLETE: 247/258 units translated
