preamble 1205 chars | body 756467 chars in 207 units | bibliography 8628 chars
math snippets: 8516 | refs: 2760 | units with no math: 0
[1/207] unit 0 cached
[2/207] unit 1 cached
[3/207] unit 2 cached
[4/207] unit 6 cached
[5/207] unit 4 cached
[6/207] unit 8 cached
[7/207] unit 3 cached
[8/207] unit 7 cached
[9/207] unit 5 cached
[10/207] unit 9 cached
[11/207] unit 10 cached
[12/207] unit 11 cached
[13/207] unit 12 cached
[14/207] unit 13 cached
[15/207] unit 18 cached
[16/207] unit 15 cached
[17/207] unit 17 cached
[18/207] unit 14 cached
[19/207] unit 19 cached
[20/207] unit 20 cached
[21/207] unit 16 cached
[22/207] unit 22 cached
[23/207] unit 21 cached
[24/207] unit 24 cached
[25/207] unit 26 cached
[26/207] unit 25 cached
[27/207] unit 27 cached
[28/207] unit 28 cached
[29/207] unit 31 cached
[30/207] unit 29 cached
[31/207] unit 30 cached
[32/207] unit 32 cached
[33/207] unit 33 cached
[34/207] unit 36 cached
[35/207] unit 37 cached
[36/207] unit 34 cached
[37/207] unit 35 cached
[38/207] unit 38 cached
[39/207] unit 39 cached
[40/207] unit 42 cached
[41/207] unit 40 cached
[42/207] unit 43 cached
[43/207] unit 44 cached
[44/207] unit 45 cached
[45/207] unit 46 cached
[46/207] unit 47 cached
[47/207] unit 49 cached
[48/207] unit 48 cached
[49/207] unit 51 cached
[50/207] unit 52 cached
[51/207] unit 50 cached
[52/207] unit 54 cached
[53/207] unit 55 cached
[54/207] unit 56 cached
[55/207] unit 57 cached
[56/207] unit 59 cached
[57/207] unit 58 cached
[58/207] unit 60 cached
[59/207] unit 61 cached
[60/207] unit 63 cached
[61/207] unit 62 cached
[62/207] unit 65 cached
[63/207] unit 66 cached
[64/207] unit 67 cached
[65/207] unit 68 cached
[66/207] unit 69 cached
[67/207] unit 70 cached
[68/207] unit 71 cached
[69/207] unit 72 cached
[70/207] unit 74 cached
[71/207] unit 73 cached
[72/207] unit 75 cached
[73/207] unit 76 cached
[74/207] unit 77 cached
[75/207] unit 78 cached
[76/207] unit 79 cached
[77/207] unit 80 cached
[78/207] unit 81 cached
[79/207] unit 82 cached
[80/207] unit 83 cached
[81/207] unit 84 cached
[82/207] unit 85 cached
[83/207] unit 86 cached
[84/207] unit 87 cached
[85/207] unit 88 cached
[86/207] unit 89 cached
[87/207] unit 91 cached
[88/207] unit 90 cached
[89/207] unit 92 cached
[90/207] unit 93 cached
[91/207] unit 94 cached
[92/207] unit 95 cached
[93/207] unit 96 cached
[94/207] unit 98 cached
[95/207] unit 97 cached
[96/207] unit 99 cached
[97/207] unit 100 cached
[98/207] unit 101 cached
[99/207] unit 102 cached
[100/207] unit 103 cached
[101/207] unit 105 cached
[102/207] unit 104 cached
[103/207] unit 106 cached
[104/207] unit 107 cached
[105/207] unit 108 cached
[106/207] unit 109 cached
[107/207] unit 110 cached
[108/207] unit 111 cached
[109/207] unit 112 cached
[110/207] unit 114 cached
[111/207] unit 113 cached
[112/207] unit 115 cached
[113/207] unit 116 cached
[114/207] unit 117 cached
[115/207] unit 118 cached
[116/207] unit 119 cached
[117/207] unit 121 cached
[118/207] unit 120 cached
[119/207] unit 122 cached
[120/207] unit 123 cached
[121/207] unit 124 cached
[122/207] unit 125 cached
[123/207] unit 126 cached
[124/207] unit 127 cached
[125/207] unit 128 cached
[126/207] unit 129 cached
[127/207] unit 130 cached
[128/207] unit 131 cached
[129/207] unit 133 cached
[130/207] unit 132 cached
[131/207] unit 134 cached
[132/207] unit 136 cached
[133/207] unit 135 cached
[134/207] unit 137 cached
[135/207] unit 139 cached
[136/207] unit 138 cached
[137/207] unit 141 cached
[138/207] unit 140 cached
[139/207] unit 142 cached
[140/207] unit 143 cached
[141/207] unit 144 cached
[142/207] unit 145 cached
[143/207] unit 146 cached
[144/207] unit 147 cached
[145/207] unit 148 cached
[146/207] unit 150 cached
[147/207] unit 149 cached
[148/207] unit 151 cached
[149/207] unit 152 cached
[150/207] unit 153 cached
[151/207] unit 154 cached
[152/207] unit 155 cached
[153/207] unit 156 cached
[154/207] unit 157 cached
[155/207] unit 158 cached
[156/207] unit 159 cached
[157/207] unit 161 cached
[158/207] unit 160 cached
[159/207] unit 162 cached
[160/207] unit 163 cached
[161/207] unit 164 cached
[162/207] unit 165 cached
[163/207] unit 166 cached
[164/207] unit 167 cached
[165/207] unit 168 cached
[166/207] unit 169 cached
[167/207] unit 170 cached
[168/207] unit 171 cached
[169/207] unit 172 cached
[170/207] unit 174 cached
[171/207] unit 173 cached
[172/207] unit 175 cached
[173/207] unit 176 cached
[174/207] unit 177 cached
[175/207] unit 178 cached
[176/207] unit 179 cached
[177/207] unit 180 cached
[178/207] unit 181 cached
[179/207] unit 182 cached
[180/207] unit 183 cached
[181/207] unit 184 cached
[182/207] unit 185 cached
[183/207] unit 186 cached
[184/207] unit 187 cached
[185/207] unit 188 cached
[186/207] unit 189 cached
[187/207] unit 190 cached
[188/207] unit 191 cached
[189/207] unit 192 cached
[190/207] unit 193 cached
[191/207] unit 194 cached
[192/207] unit 195 cached
[193/207] unit 196 cached
[194/207] unit 197 cached
[195/207] unit 198 cached
[196/207] unit 199 cached
[197/207] unit 200 cached
[198/207] unit 201 cached
[199/207] unit 202 cached
[200/207] unit 203 cached
[201/207] unit 204 cached
[202/207] unit 205 cached
[203/207] unit 206 cached
   unit 53: splitting into 3 parts after unit 53 failed verification: ["少写 1 次：'Z'", "少写 1 次：'S'", "少写 1 次：'\\\\chi_n(u)^{-1}'", "多写 2 次：''", "多写 1 次：'chi_n(u)^{-1'"]
   unit 64: splitting into 3 parts after unit 64 failed verification: ["多写 1 次：''"]
   unit 41: splitting into 4 parts after unit 41 failed verification: ["多写 1 次：''"]
   unit 23: splitting into 3 parts after unit 23 failed verification: ["多写 1 次：'zet'"]
[204/207] unit 53 FAILED: sequence item 0: expected str instance, tuple found
   unit 64: splitting into 4 parts after unit 64 failed verification: ["多写 1 次：''"]
   unit 41: splitting into 2 parts after unit 41 failed verification: ["多写 1 次：''"]
   unit 23: splitting into 4 parts after unit 23 failed verification: ["多写 1 次：'zet'"]
[205/207] unit 64 FAILED: unit 64 failed verification: ["多写 1 次：''"]
[206/207] unit 41 FAILED: unit 41 failed verification: ["多写 1 次：''"]
[207/207] unit 23 FAILED: unit 23 failed verification: ["多写 1 次：'zet'"]
INCOMPLETE: 203/207 units translated
