\BOOKMARK [1][-]{section.1}{\376\377\137\025\212\000}{}% 1
\BOOKMARK [1][-]{section.2}{\376\377\116\316\116\000\116\052\121\161\124\014\117\341\123\367\122\060\145\340\226\366\160\271\123\112\136\163\227\142}{}% 2
\BOOKMARK [0][-]{part.1}{\376\377\000I\000\040\142\337\236\316\146\374\120\107\213\276}{}% 3
\BOOKMARK [1][-]{section.3}{\376\377\173\054\116\000\116\052\145\340\226\366\160\271\123\112\136\163\227\142}{part.1}% 4
\BOOKMARK [1][-]{section.4}{\376\377\173\227\147\057\116\016\211\343\147\220\230\204\131\007}{part.1}% 5
\BOOKMARK [2][-]{subsection.4.1}{\376\377\173\227\147\057\213\260\123\367\116\016\174\373\145\160\174\173}{section.4}% 6
\BOOKMARK [2][-]{subsection.4.2}{\376\377\000G\000a\000u\000s\000s\000\040\124\214\116\016\147\011\226\120\116\222\123\315\166\370\117\115}{section.4}% 7
\BOOKMARK [2][-]{subsection.4.3}{\376\377\121\111\156\321\203\003\145\160\122\126\227\142}{section.4}% 8
\BOOKMARK [2][-]{subsection.4.4}{\376\377\000H\000e\000c\000k\000e\000\040\121\375\145\160\166\204\130\236\225\177\116\016\133\371\145\160\143\247\122\066}{section.4}% 9
\BOOKMARK [1][-]{section.5}{\376\377\133\214\131\007\123\026\166\204\116\011\153\041\123\315\134\004\116\016\145\340\150\007\213\260\210\114\200\375\221\317}{part.1}% 10
\BOOKMARK [2][-]{subsection.5.1}{\376\377\133\214\131\007\123\026\123\315\134\004}{section.5}% 11
\BOOKMARK [2][-]{subsection.5.2}{\376\377\121\103\175\040\210\114\116\016\126\372\133\232\142\107\123\072}{section.5}% 12
\BOOKMARK [2][-]{subsection.5.3}{\376\377\121\154\121\161\122\126\227\142\116\016\150\074\134\076\220\350}{section.5}% 13
\BOOKMARK [2][-]{subsection.5.4}{\376\377\133\214\131\007\123\026\143\007\150\007\166\204\116\214\153\041\203\003\145\160}{section.5}% 14
\BOOKMARK [2][-]{subsection.5.5}{\376\377\145\340\150\007\213\260\123\315\134\004\200\375\221\317}{section.5}% 15
\BOOKMARK [1][-]{section.6}{\376\377\127\372\170\100\143\242\224\210\123\312\121\166\136\163\210\141\117\116\117\060\213\241}{part.1}% 16
\BOOKMARK [2][-]{subsection.6.1}{\376\377\116\044\116\052\126\340\133\120\166\204\133\232\116\111\116\016\122\006\171\273}{section.6}% 17
\BOOKMARK [2][-]{subsection.6.2}{\376\377\136\163\210\141\117\116\117\060\213\241}{section.6}% 18
\BOOKMARK [1][-]{section.7}{\376\377\000P\000o\000i\000s\000s\000o\000n\000\040\210\150\171\072\123\312\121\166\000\040\000E\000u\000l\000e\000r\000\040\126\340\133\120}{part.1}% 19
\BOOKMARK [2][-]{subsection.7.1}{\376\377\174\276\170\156\166\204\000\040\000P\000o\000i\000s\000s\000o\000n\000\040\176\247\145\160}{section.7}% 20
\BOOKMARK [2][-]{subsection.7.2}{\376\377\150\007\221\317\000\040\000E\000u\000l\000e\000r\000\040\140\122\173\111\137\017}{section.7}% 21
\BOOKMARK [1][-]{section.8}{\376\377\136\046\231\161\124\214\211\301\213\301\166\204\226\366\160\271\143\242\155\113\126\150}{part.1}% 22
\BOOKMARK [2][-]{subsection.8.1}{\376\377\136\046\177\023\121\262\166\204\167\351\137\142\116\016\220\020\160\271\165\114}{section.8}% 23
\BOOKMARK [2][-]{subsection.8.2}{\376\377\124\014\145\366\166\204\231\161\124\214\211\301\213\301}{section.8}% 24
\BOOKMARK [1][-]{section.9}{\376\377\121\155\153\041\173\133\154\325\166\204\210\114\213\241\145\160}{part.1}% 25
\BOOKMARK [2][-]{subsection.9.1}{\376\377\116\073\176\246\133\232\116\013\166\204\121\155\153\041\131\047\173\133\154\325}{section.9}% 26
\BOOKMARK [2][-]{subsection.9.2}{\376\377\162\151\164\006\210\114\123\312\121\166\220\006\211\301\213\301}{section.9}% 27
\BOOKMARK [1][-]{section.10}{\376\377\232\330\134\125\137\000\166\204\211\343\147\220\117\060\213\241}{part.1}% 28
\BOOKMARK [2][-]{subsection.10.1}{\376\377\116\073\210\114\116\016\153\143\211\304\123\026}{section.10}% 29
\BOOKMARK [2][-]{subsection.10.2}{\376\377\171\373\122\250\126\364\220\123\142\100\165\050\166\204\174\276\170\156\140\122\173\111\137\017}{section.10}% 30
\BOOKMARK [2][-]{subsection.10.3}{\376\377\172\326\166\364\176\277\116\012\166\204\131\026\220\350\134\076\220\350\116\016\154\064\136\163\210\124\143\245}{section.10}% 31
\BOOKMARK [2][-]{subsection.10.4}{\376\377\171\373\122\250\116\000\116\052\126\372\133\232\122\006\173\261}{section.10}% 32
\BOOKMARK [2][-]{subsection.10.5}{\376\377\136\224\165\050\210\114\123\005\176\334}{section.10}% 33
\BOOKMARK [2][-]{subsection.10.6}{\376\377\142\212\117\356\153\143\122\006\142\020\202\345\136\162\162\107\153\265\166\204\116\055\137\303\117\060\213\241}{section.10}% 34
\BOOKMARK [2][-]{subsection.10.7}{\376\377\143\320\123\326\116\073\117\341\123\367}{section.10}% 35
\BOOKMARK [2][-]{subsection.10.8}{\376\377\134\017\210\114\203\003\145\160\116\016\131\047\210\114\203\003\145\160}{section.10}% 36
\BOOKMARK [1][-]{section.11}{\376\377\0001\0001\000/\0001\0002\000\040\176\323\213\272}{part.1}% 37
\BOOKMARK [2][-]{subsection.11.1}{\376\377\220\011\123\326\147\000\176\310\232\330\136\246}{section.11}% 38
\BOOKMARK [2][-]{subsection.11.2}{\376\377\124\021\000\040\000D\000i\000r\000i\000c\000h\000l\000e\000t\000\040\000L\000-\000f\000u\000n\000c\000t\000i\000o\000n\000s\000\040\166\204\217\154\171\373}{section.11}% 39
\BOOKMARK [0][-]{part.2}{\376\377\000I\000I\000\040\121\153\122\006\116\113\116\003\145\340\226\366\160\271\123\112\136\163\227\142}{}% 40
\BOOKMARK [1][-]{section.12}{\376\377\210\145\120\177\143\242\224\210}{part.2}% 41
\BOOKMARK [1][-]{section.13}{\376\377\174\373\145\160\176\246\133\232\116\016\147\011\226\120\166\370\121\163\140\047}{part.2}% 42
\BOOKMARK [2][-]{subsection.13.1}{\376\377\210\145\121\105\174\373\145\160\147\141\116\366}{section.13}% 43
\BOOKMARK [2][-]{subsection.13.2}{\376\377\126\372\133\232\134\004\176\277\174\173\116\055\166\204\175\040\145\160\213\241\145\160}{section.13}% 44
\BOOKMARK [2][-]{subsection.13.3}{\376\377\133\214\145\164\147\011\226\120\000\040\000F\000o\000u\000r\000i\000e\000r\000\040\166\370\121\163\140\047}{section.13}% 45
\BOOKMARK [1][-]{section.14}{\376\377\136\046\150\007\213\260\166\204\133\214\131\007\123\026\116\016\123\315\134\004\210\114\200\375\221\317}{part.2}% 46
\BOOKMARK [2][-]{subsection.14.1}{\376\377\133\214\131\007\123\026\124\214\116\016\171\357\137\142\137\017\166\204\150\007\213\260}{section.14}% 47
\BOOKMARK [2][-]{subsection.14.2}{\376\377\145\164\143\007\150\007\166\204\136\046\150\007\213\260\123\315\134\004}{section.14}% 48
\BOOKMARK [2][-]{subsection.14.3}{\376\377\116\000\116\052\116\214\153\041\040\023\116\011\153\041\203\003\145\160\117\060\213\241}{section.14}% 49
\BOOKMARK [2][-]{subsection.14.4}{\376\377\123\315\134\004\200\375\221\317\165\114}{section.14}% 50
\BOOKMARK [1][-]{section.15}{\376\377\210\145\120\177\166\204\117\116\226\066\117\060\213\241}{part.2}% 51
\BOOKMARK [2][-]{subsection.15.1}{\376\377\150\007\213\260\166\204\133\214\131\007\123\026\210\114}{section.15}% 52
\BOOKMARK [2][-]{subsection.15.2}{\376\377\122\240\140\047\000\040\000G\000r\000a\000m\000\040\165\114}{section.15}% 53
\BOOKMARK [2][-]{subsection.15.3}{\376\377\116\013\165\114\166\204\133\214\142\020}{section.15}% 54
\BOOKMARK [1][-]{section.16}{\376\377\134\100\220\350\210\145\120\177\123\312\121\166\213\357\135\356}{part.2}% 55
\BOOKMARK [2][-]{subsection.16.1}{\376\377\133\214\145\164\166\204\121\150\176\257\117\356\153\143}{section.16}% 56
\BOOKMARK [2][-]{subsection.16.2}{\376\377\122\250\140\001\134\100\220\350\213\357\135\356}{section.16}% 57
\BOOKMARK [2][-]{subsection.16.3}{\376\377\121\166\117\131\126\364\220\123\166\204\176\335\133\371\165\114}{section.16}% 58
\BOOKMARK [1][-]{section.17}{\376\377\136\046\175\040\126\340\133\120\166\204\220\006\167\351}{part.2}% 59
\BOOKMARK [2][-]{subsection.17.1}{\376\377\136\046\150\007\213\260\117\060\213\241\166\204\226\110\217\360}{section.17}% 60
\BOOKMARK [2][-]{subsection.17.2}{\376\377\121\170\203\003\117\060\213\241}{section.17}% 61
\BOOKMARK [2][-]{subsection.17.3}{\376\377\123\112\203\003\145\160\116\016\232\330\136\246\226\066\166\204\147\011\226\120\117\040\144\255}{section.17}% 62
\BOOKMARK [2][-]{subsection.17.4}{\376\377\136\046\143\251\170\001\166\204\147\011\226\120\000\040\000P\000o\000i\000s\000s\000o\000n\000\040\154\102\124\214}{section.17}% 63
\BOOKMARK [2][-]{subsection.17.5}{\376\377\121\170\203\003\137\122\176\246\123\312\121\166\137\122\176\263}{section.17}% 64
\BOOKMARK [2][-]{subsection.17.6}{\376\377\136\046\150\007\213\260\167\351\166\204\122\035\131\313\123\026}{section.17}% 65
\BOOKMARK [2][-]{subsection.17.7}{\376\377\145\340\121\155\153\041\136\102\126\340\133\120\210\114\116\012\166\204\145\076\131\047}{section.17}% 66
\BOOKMARK [1][-]{section.18}{\376\377\136\046\167\355\175\040\126\340\133\120\166\204\126\333\226\066\167\351}{part.2}% 67
\BOOKMARK [2][-]{subsection.18.1}{\376\377\126\372\133\232\143\251\170\001\116\016\123\315\134\004}{section.18}% 68
\BOOKMARK [2][-]{subsection.18.2}{\376\377\175\040\117\060\213\241\116\016\137\122\176\263\153\041\136\217}{section.18}% 69
\BOOKMARK [2][-]{subsection.18.3}{\376\377\116\055\137\303\123\026\174\373\145\160\123\312\121\166\145\057\226\306}{section.18}% 70
\BOOKMARK [2][-]{subsection.18.4}{\376\377\173\054\116\000\116\052\000\040\000P\000o\000i\000s\000s\000o\000n\000\040\123\330\143\142\123\312\121\166\166\356\150\007\165\114}{section.18}% 71
\BOOKMARK [2][-]{subsection.18.5}{\376\377\142\151\131\047\000\040\000G\000a\000u\000s\000s\000\040\210\114\203\003\145\160}{section.18}% 72
\BOOKMARK [2][-]{subsection.18.6}{\376\377\173\054\116\214\123\330\143\142\116\016\217\203\134\017\133\275\136\246\166\204\116\130\171\357}{section.18}% 73
\BOOKMARK [2][-]{subsection.18.7}{\376\377\213\361\133\374\162\171\137\201\117\115\116\216\000\040\000T\000h\000e\000t\000a\000\040\166\204\210\114}{section.18}% 74
\BOOKMARK [2][-]{subsection.18.8}{\376\377\147\011\226\120\137\122\176\263\166\204\133\214\142\020}{section.18}% 75
\BOOKMARK [1][-]{section.19}{\376\377\175\040\164\006\140\363\143\057\136\105\116\016\174\276\123\026\210\114\213\241\145\160}{part.2}% 76
\BOOKMARK [2][-]{subsection.19.1}{\376\377\175\040\164\006\140\363\143\057\136\105}{section.19}% 77
\BOOKMARK [2][-]{subsection.19.2}{\376\377\220\011\133\232\166\204\175\040\151\375\117\115\116\016\210\114\213\241\145\160}{section.19}% 78
\BOOKMARK [1][-]{section.20}{\376\377\121\153\122\006\116\113\116\003\165\114}{part.2}% 79
\BOOKMARK [2][-]{subsection.20.1}{\376\377\116\073\153\143\211\304\123\026\126\340\133\120}{section.20}% 80
\BOOKMARK [2][-]{subsection.20.2}{\376\377\210\145\120\177\124\016\166\204\232\330\143\007\145\160}{section.20}% 81
\BOOKMARK [2][-]{subsection.20.3}{\376\377\134\017\210\114\203\003\145\160\116\016\131\047\210\114\203\003\145\160}{section.20}% 82
\BOOKMARK [2][-]{subsection.20.4}{\376\377\172\357\160\271\116\015\173\111\137\017}{section.20}% 83
\BOOKMARK [2][-]{subsection.20.5}{\376\377\230\221\163\207\203\003\126\364}{section.20}% 84
\BOOKMARK [2][-]{subsection.20.6}{\376\377\220\011\142\351\153\041\136\217\116\016\176\323\213\272}{section.20}% 85
